// Jest Snapshot v1, https://goo.gl/fbAQLP

exports[`AltViewOptions renders correctly 1`] = `
<Dropdown
  mouseEnterDelay={0.15}
  mouseLeaveDelay={0.1}
  overlay={
    <Menu
      className=""
      focusable={false}
      prefixCls="ant-menu"
      theme="light"
    >
      <MenuItem>
        <a
          onClick={[Function]}
          role="button"
        >
          Trace Graph
        </a>
      </MenuItem>
      <MenuItem>
        <a
          onClick={[Function]}
          role="button"
        >
          Trace Statistics
        </a>
      </MenuItem>
      <MenuItem>
        <Link
          onClick={[MockFunction]}
          rel="noopener noreferrer"
          replace={false}
          target="_blank"
          to="/api/traces/test trace ID?prettyPrint=true"
        >
          Trace JSON
        </Link>
      </MenuItem>
      <MenuItem>
        <Link
          onClick={[MockFunction]}
          rel="noopener noreferrer"
          replace={false}
          target="_blank"
          to="/api/traces/test trace ID?raw=true&prettyPrint=true"
        >
          Trace JSON (unadjusted)
        </Link>
      </MenuItem>
    </Menu>
  }
  placement="bottomLeft"
  prefixCls="ant-dropdown"
>
  <div
    className="AltViewOptions"
  >
    Trace Timeline 
    <Icon
      type="down"
    />
  </div>
</Dropdown>
`;
