// Jest Snapshot v1, https://goo.gl/fbAQLP

exports[`<MonitorATMEmptyState> ATM snapshot test 1`] = `
<Col>
  <Row
    gutter={0}
    justify="center"
  >
    <Col
      offset={8}
      span={8}
    >
      <img
        alt="jaeger-monitor-tab-preview"
        className="monitor-preview-image-empty-state"
        src="monitor.png"
      />
    </Col>
  </Row>
  <Row
    gutter={0}
    justify="center"
  >
    <Col
      className="center-empty-state"
      offset={9}
      span={6}
    >
      <h2
        className="main-title-empty-state"
      >
        Get started with Service Performance Monitoring
      </h2>
      <h3
        className="sub-title-empty-state"
      >
        A high-level monitoring dashboard that helps you cut down the time to identify and resolve anomalies and issues.
      </h3>
      <h4
        className="description-empty-state"
      >
        Service Performance Monitoring aggregates tracing data into RED metrics and visualizes them in service and operation level dashboards.
      </h4>
      <Button
        block={false}
        className="button-empty-state"
        ghost={false}
        loading={false}
        onClick={[Function]}
        prefixCls="ant-btn"
      >
        Read the Documentation
      </Button>
      <Row
        gutter={0}
        justify="center"
      >
        <Col
          offset={2}
          span={20}
        >
          <Alert
            message="Service Performance Monitoring requires a Prometheus-compatible time series database."
            showIcon={true}
            type="info"
          />
        </Col>
      </Row>
    </Col>
  </Row>
</Col>
`;
