// Jest Snapshot v1, https://goo.gl/fbAQLP

exports[`<TraceFlamegraph /> renders as expected 1`] = `
<div
  className="Flamegraph-wrapper"
>
  <Fg
    colorMode="light"
    profile={
      Object {
        "flamebearer": Object {
          "levels": Array [
            Array [
              0,
              1181596,
              0,
              0,
            ],
            Array [
              0,
              1181596,
              213262,
              1,
            ],
            Array [
              0,
              968334,
              1268,
              2,
            ],
            Array [
              0,
              967066,
              733,
              3,
            ],
            Array [
              0,
              966333,
              966333,
              4,
            ],
          ],
          "maxSelf": 0,
          "names": Array [
            "total",
            "load-generator: OrderVehicle",
            "load-generator: HTTP GET",
            "ride-sharing-app: BikeHandler",
            "ride-sharing-app: FindNearestVehicle",
          ],
          "numTicks": 1181596,
        },
        "metadata": Object {
          "format": "single",
          "sampleRate": 1000000,
          "spyName": "tracing",
          "units": "trace_samples",
        },
        "version": 1,
      }
    }
  />
</div>
`;
