// Jest Snapshot v1, https://goo.gl/fbAQLP

exports[`<ListView> shallow tests matches a snapshot 1`] = `
<div
  onScroll={[Function]}
  style={
    Object {
      "height": "100%",
      "overflowY": "auto",
      "position": "relative",
    }
  }
>
  <div
    style={
      Object {
        "height": 1640,
        "position": "relative",
      }
    }
  >
    <div
      className="SomeClassName"
      style={
        Object {
          "margin": 0,
          "padding": 0,
          "position": "absolute",
          "top": 0,
        }
      }
    >
      <Item
        data-item-key="0"
        key="0"
        style={
          Object {
            "height": 2,
            "position": "absolute",
            "top": 0,
          }
        }
      >
        0
      </Item>
      <Item
        data-item-key="1"
        key="1"
        style={
          Object {
            "height": 4,
            "position": "absolute",
            "top": 2,
          }
        }
      >
        1
      </Item>
      <Item
        data-item-key="2"
        key="2"
        style={
          Object {
            "height": 6,
            "position": "absolute",
            "top": 6,
          }
        }
      >
        2
      </Item>
      <Item
        data-item-key="3"
        key="3"
        style={
          Object {
            "height": 8,
            "position": "absolute",
            "top": 12,
          }
        }
      >
        3
      </Item>
      <Item
        data-item-key="4"
        key="4"
        style={
          Object {
            "height": 10,
            "position": "absolute",
            "top": 20,
          }
        }
      >
        4
      </Item>
    </div>
  </div>
</div>
`;
