// Jest Snapshot v1, https://goo.gl/fbAQLP

exports[`SearchableSelect SearchableSelect renders with all props and options 1`] = `
<Select
  filterOption={[Function]}
  showSearch={true}
>
  <Option
    data-testid="option-0"
    key="test1"
    value="test1"
  >
    Test 1
  </Option>
  <Option
    data-testid="option-1"
    key="test2"
    value="test2"
  >
    Test 2
  </Option>
  <Option
    data-testid="option-2"
    key="test3"
    value="test3"
  >
    Test 3
  </Option>
</Select>
`;
