// Jest Snapshot v1, https://goo.gl/fbAQLP

exports[`<TraceCriticalPath /> renders as expected 1`] = `
<div
  className="Flamegraph-wrapper"
>
  <Fg
    colorMode="light"
    profile={
      Object {
        "flamebearer": Object {
          "levels": Array [
            Array [
              0,
              100,
              0,
              0,
            ],
            Array [
              0,
              100,
              40,
              1,
            ],
            Array [
              0,
              20,
              20,
              2,
              0,
              10,
              10,
              3,
              0,
              30,
              30,
              4,
            ],
          ],
          "maxSelf": 0,
          "names": Array [
            "total",
            "S1: O1",
            "S2: O2",
            "S3: O3",
            "S4: O4",
          ],
          "numTicks": 100,
        },
        "metadata": Object {
          "format": "single",
          "sampleRate": 1000000,
          "spyName": "tracing",
          "units": "trace_samples",
        },
        "version": 1,
      }
    }
  />
</div>
`;
