// Jest Snapshot v1, https://goo.gl/fbAQLP

exports[`<ArchiveNotifier> renders with default props 1`] = `""`;
